min_max_report
Startpoint: io_in[18] (input port clocked by wb_clk_i)
Endpoint: io_out[31] (output port clocked by wb_clk_i)
Path Group: wb_clk_i
Path Type: min

Fanout     Cap    Slew   Delay    Time   Description
-----------------------------------------------------------------------------
                          0.00    0.00   clock wb_clk_i (rise edge)
                          0.00    0.00   clock network delay (propagated)
                          6.00    6.00 v input external delay
                  0.00    0.00    6.00 v io_in[18] (in)
     2    0.01                           io_in[18] (net)
                  0.00    0.00    6.00 v input10/A (sky130_fd_sc_hd__buf_1)
                  0.04    0.07    6.07 v input10/X (sky130_fd_sc_hd__buf_1)
     1    0.01                           net10 (net)
                  0.04    0.00    6.07 v _526_/A (sky130_fd_sc_hd__clkbuf_2)
                  0.07    0.11    6.18 v _526_/X (sky130_fd_sc_hd__clkbuf_2)
     2    0.02                           net41 (net)
                  0.07    0.01    6.19 v output41/A (sky130_fd_sc_hd__clkbuf_2)
                  0.06    0.11    6.30 v output41/X (sky130_fd_sc_hd__clkbuf_2)
     1    0.02                           io_out[31] (net)
                  0.06    0.01    6.31 v io_out[31] (out)
                                  6.31   data arrival time

                          0.00    0.00   clock wb_clk_i (rise edge)
                          0.00    0.00   clock network delay (propagated)
                          0.00    0.00   clock reconvergence pessimism
                         -6.00   -6.00   output external delay
                                 -6.00   data required time
-----------------------------------------------------------------------------
                                 -6.00   data required time
                                 -6.31   data arrival time
-----------------------------------------------------------------------------
                                 12.31   slack (MET)


Startpoint: io_in[14] (input port clocked by wb_clk_i)
Endpoint: io_out[30] (output port clocked by wb_clk_i)
Path Group: wb_clk_i
Path Type: max

Fanout     Cap    Slew   Delay    Time   Description
-----------------------------------------------------------------------------
                          0.00    0.00   clock wb_clk_i (rise edge)
                          0.00    0.00   clock network delay (propagated)
                          6.00    6.00 v input external delay
                  0.02    0.01    6.01 v io_in[14] (in)
     2    0.01                           io_in[14] (net)
                  0.02    0.00    6.01 v input6/A (sky130_fd_sc_hd__buf_1)
                  0.14    0.21    6.22 v input6/X (sky130_fd_sc_hd__buf_1)
     2    0.01                           net6 (net)
                  0.14    0.00    6.22 v _191_/A (sky130_fd_sc_hd__nor2_1)
                  0.38    0.38    6.61 ^ _191_/Y (sky130_fd_sc_hd__nor2_1)
     3    0.01                           _097_ (net)
                  0.38    0.00    6.61 ^ _192_/C (sky130_fd_sc_hd__and3_1)
                  0.15    0.46    7.07 ^ _192_/X (sky130_fd_sc_hd__and3_1)
     2    0.01                           _098_ (net)
                  0.15    0.00    7.07 ^ _193_/D_N (sky130_fd_sc_hd__or4b_4)
                  0.24    1.09    8.16 v _193_/X (sky130_fd_sc_hd__or4b_4)
    10    0.03                           _117_ (net)
                  0.24    0.01    8.18 v _246_/A (sky130_fd_sc_hd__inv_2)
                  0.22    0.27    8.45 ^ _246_/Y (sky130_fd_sc_hd__inv_2)
     8    0.03                           _099_ (net)
                  0.22    0.01    8.46 ^ _570_/S (sky130_fd_sc_hd__mux2_1)
                  0.25    0.93    9.38 v _570_/X (sky130_fd_sc_hd__mux2_1)
     5    0.02                           _103_ (net)
                  0.25    0.01    9.39 v _614_/S0 (sky130_fd_sc_hd__mux4_1)
                  0.22    1.18   10.57 v _614_/X (sky130_fd_sc_hd__mux4_1)
     1    0.01                           _187_ (net)
                  0.22    0.00   10.58 v _569_/A0 (sky130_fd_sc_hd__mux2_8)
                  0.24    0.78   11.36 v _569_/X (sky130_fd_sc_hd__mux2_8)
    36    0.11                           _110_ (net)
                  0.25    0.03   11.39 v _223_/A (sky130_fd_sc_hd__inv_2)
                  0.14    0.20   11.59 ^ _223_/Y (sky130_fd_sc_hd__inv_2)
     4    0.01                           _123_ (net)
                  0.14    0.00   11.60 ^ _262_/A (sky130_fd_sc_hd__or2_2)
                  0.19    0.31   11.91 ^ _262_/X (sky130_fd_sc_hd__or2_2)
     5    0.02                           _131_ (net)
                  0.19    0.01   11.92 ^ _263_/A (sky130_fd_sc_hd__inv_2)
                  0.10    0.15   12.07 v _263_/Y (sky130_fd_sc_hd__inv_2)
     5    0.02                           net33 (net)
                  0.10    0.01   12.08 v _574_/A1 (sky130_fd_sc_hd__mux2_1)
                  0.20    0.77   12.85 v _574_/X (sky130_fd_sc_hd__mux2_1)
     4    0.01                           _002_ (net)
                  0.20    0.01   12.86 v _269_/B (sky130_fd_sc_hd__or3_2)
                  0.25    1.23   14.09 v _269_/X (sky130_fd_sc_hd__or3_2)
     4    0.02                           _135_ (net)
                  0.25    0.01   14.10 v _278_/B (sky130_fd_sc_hd__or2_1)
                  0.19    0.65   14.74 v _278_/X (sky130_fd_sc_hd__or2_1)
     2    0.01                           _140_ (net)
                  0.19    0.00   14.74 v _284_/A (sky130_fd_sc_hd__inv_2)
                  0.12    0.18   14.92 ^ _284_/Y (sky130_fd_sc_hd__inv_2)
     3    0.01                           _011_ (net)
                  0.12    0.00   14.93 ^ _287_/B (sky130_fd_sc_hd__nor2_1)
                  0.09    0.11   15.04 v _287_/Y (sky130_fd_sc_hd__nor2_1)
     1    0.01                           _016_ (net)
                  0.09    0.00   15.04 v _552_/A1 (sky130_fd_sc_hd__mux2_1)
                  0.22    0.80   15.84 v _552_/X (sky130_fd_sc_hd__mux2_1)
     2    0.02                           net40 (net)
                  0.22    0.01   15.85 v output40/A (sky130_fd_sc_hd__clkbuf_2)
                  0.15    0.34   16.19 v output40/X (sky130_fd_sc_hd__clkbuf_2)
     1    0.02                           io_out[30] (net)
                  0.15    0.01   16.19 v io_out[30] (out)
                                 16.19   data arrival time

                         30.00   30.00   clock wb_clk_i (rise edge)
                          0.00   30.00   clock network delay (propagated)
                          0.00   30.00   clock reconvergence pessimism
                         -6.00   24.00   output external delay
                                 24.00   data required time
-----------------------------------------------------------------------------
                                 24.00   data required time
                                -16.19   data arrival time
-----------------------------------------------------------------------------
                                  7.81   slack (MET)


